Microchip MPLAB XC8 Compiler V2.41

Linker command line:

-W-3 \
  --edf=C:\Program Files\Microchip\xc8\v2.41\pic\dat\20230208172133_en.msgs \
  -cn -h+dist/default/production\Car_BBox_Project.X.production.sym \
  --cmf=dist/default/production\Car_BBox_Project.X.production.cmf -z \
  -Q18F4580 -oC:\Users\brahu\AppData\Local\Temp\xcAsdcs.\driver_tmp_3.o \
  --defsym=__MPLAB_BUILD=1 --fixupoverflow=error \
  -Mdist/default/production/Car_BBox_Project.X.production.map \
  --md=C:\Users\brahu\AppData\Local\Temp\xcAsdcs.\driver_tmp_0.dat -E1 \
  -ver=XC8 Compiler --acfsm=1493 -ACODE=00h-03000h -ACONST=00h-03000h \
  -ASMALLCONST=0600h-06FFhx42,03000h-03000h -AMEDIUMCONST=0600h-03000h \
  -ACOMRAM=01h-05Fh -AABS1=00h-05FFh -ABIGRAM=01h-05FFh \
  -ARAM=060h-0FFh,0100h-01FFhx5 -ABANK0=060h-0FFh -ABANK1=0100h-01FFh \
  -ABANK2=0200h-02FFh -ABANK3=0300h-03FFh -ABANK4=0400h-04FFh \
  -ABANK5=0500h-05FFh -ASFR=0D00h-0DFFhx2,0F00h-0F5Fh,0F60h-0FFFh \
  -ABIGSFR=0D00h-0FFFh -ACONFIG=0300000h-030000Dh -AIDLOC=0200000h-0200007h \
  -AEEDATA=0F00000h-0F000FFh -peeprom_data=EEDATA \
  -preset_vec=00h,intcode,intcodelo,powerup,init -pramtop=0600h \
  -psmallconst=SMALLCONST -pmediumconst=MEDIUMCONST -pconst=CONST \
  -AFARRAM=00h-00h \
  -prdata=COMRAM,nvrram=COMRAM,nvbit=COMRAM,rbss=COMRAM,rbit=COMRAM \
  -pfarbss=FARRAM,fardata=FARRAM,nvFARRAM=FARRAM \
  -pintsave_regs=BIGRAM,bigbss=BIGRAM,bigdata=BIGRAM -pbss=RAM \
  -pidata=CODE,irdata=CODE,ibigdata=CODE,ifardata=CODE -prparam=COMRAM \
  C:\Users\brahu\AppData\Local\Temp\xcAsdcs.\driver_tmp_9.o \
  dist/default/production\Car_BBox_Project.X.production.o 

Object code version is 3.11

Machine type is 18F4580



                Name                               Link     Load   Length Selector   Space Scale
C:\Users\brahu\AppData\Local\Temp\xcAsdcs.\driver_tmp_9.o
                idloc                            200000   200000        8        0       5
                config                           300000   300000        E        0       4
                init                                  0        0        4        0       0
dist/default/production\Car_BBox_Project.X.production.o
                idloc                            200000   200000        8        0       5
                config                           300000   300000        E        0       4
                mediumconst                        2EB6     2EB6      14A     175B       0
                text46                              2FA      2FA       3A      17D       0
                text45                              600      600       6C      300       0
                text44                              1BA      1BA       18       DD       0
                text43                              192      192       12       C9       0
                text42                              152      152        8       A9       0
                text41                              15A      15A        8       AD       0
                text40                              17A      17A        C       BD       0
                text39                              334      334       40      19A       0
                text38                             1FAC     1FAC      3F6      FD6       0
                text37                              7DE      7DE       8E      3EF       0
                text36                             1858     1858      39A      C2C       0
                text35                              9B2      9B2      106      4D9       0
                text34                              D5C      D5C      1B4      6AE       0
                text33                              494      494       54      24A       0
                text32                              14C      14C        6       A6       0
                text31                              162      162        8       B1       0
                text30                              186      186        C       C3       0
                text29                              16A      16A        8       B5       0
                text28                              2A6      2A6       2A      153       0
                text27                              758      758       86      3AC       0
                text26                              3B8      3B8       48      1DC       0
                text25                              66C      66C       74      336       0
                text24                              59C      59C       64      2CE       0
                text23                              280      280       26      140       0
                text22                              F10      F10      1D8      788       0
                text21                             12E8     12E8      216      974       0
                text20                              1D2      1D2       18       E9       0
                text19                              53E      53E       5E      29F       0
                text18                              2D0      2D0       2A      168       0
                text17                             14FE     14FE      35A      A7F       0
                text16                              204      204       1E      102       0
                text15                              90A      90A       A8      485       0
                text14                              222      222       1E      111       0
                text13                              400      400       48      200       0
                text12                              1A4      1A4       16       D2       0
                text11                              172      172        8       B9       0
                text10                              374      374       44      1BA       0
                text9                               25E      25E       22      12F       0
                text8                               240      240       1E      120       0
                text7                               AB8      AB8      108      55C       0
                text6                               86C      86C       9E      436       0
                text5                              10E8     10E8      200      874       0
                text4                              1BF2     1BF2      3BA      DF9       0
                text3                               6E0      6E0       78      370       0
                text2                              27C0     27C0      6F6     13E0       0
                text1                              23A2     23A2      41E     11D1       0
                text0                               BC0      BC0      19C      5E0       0
                cstackCOMRAM                          1        1       5F        1       1
                dataBANK1                           100      100       4B      100       1
                dataBANK0                            BC       BC       1A       60       1
                bssBANK0                             60       60       5C       60       1
                cinit                               4E8      4E8       56      274       0
                idataBANK1                          449      449       4B      449       0
                idataBANK0                          1EA      1EA       1A      1EA       0

TOTAL           Name                               Link     Load   Length     Space
        CLASS   CODE           
                init                                  0        0        4         0
                text46                              2FA      2FA       3A         0
                text45                              600      600       6C         0
                text44                              1BA      1BA       18         0
                text43                              192      192       12         0
                text42                              152      152        8         0
                text41                              15A      15A        8         0
                text40                              17A      17A        C         0
                text39                              334      334       40         0
                text38                             1FAC     1FAC      3F6         0
                text37                              7DE      7DE       8E         0
                text36                             1858     1858      39A         0
                text35                              9B2      9B2      106         0
                text34                              D5C      D5C      1B4         0
                text33                              494      494       54         0
                text32                              14C      14C        6         0
                text31                              162      162        8         0
                text30                              186      186        C         0
                text29                              16A      16A        8         0
                text28                              2A6      2A6       2A         0
                text27                              758      758       86         0
                text26                              3B8      3B8       48         0
                text25                              66C      66C       74         0
                text24                              59C      59C       64         0
                text23                              280      280       26         0
                text22                              F10      F10      1D8         0
                text21                             12E8     12E8      216         0
                text20                              1D2      1D2       18         0
                text19                              53E      53E       5E         0
                text18                              2D0      2D0       2A         0
                text17                             14FE     14FE      35A         0
                text16                              204      204       1E         0
                text15                              90A      90A       A8         0
                text14                              222      222       1E         0
                text13                              400      400       48         0
                text12                              1A4      1A4       16         0
                text11                              172      172        8         0
                text10                              374      374       44         0
                text9                               25E      25E       22         0
                text8                               240      240       1E         0
                text7                               AB8      AB8      108         0
                text6                               86C      86C       9E         0
                text5                              10E8     10E8      200         0
                text4                              1BF2     1BF2      3BA         0
                text3                               6E0      6E0       78         0
                text2                              27C0     27C0      6F6         0
                text1                              23A2     23A2      41E         0
                text0                               BC0      BC0      19C         0
                cinit                               4E8      4E8       56         0
                idataBANK1                          449      449       4B         0
                idataBANK0                          1EA      1EA       1A         0

        CLASS   CONST          

        CLASS   SMALLCONST     

        CLASS   MEDIUMCONST    
                mediumconst                        2EB6     2EB6      14A         0

        CLASS   COMRAM         
                cstackCOMRAM                          1        1       5F         1

        CLASS   ABS1           

        CLASS   BIGRAM         

        CLASS   RAM            

        CLASS   BANK0          
                dataBANK0                            BC       BC       1A         1
                bssBANK0                             60       60       5C         1

        CLASS   BANK1          
                dataBANK1                           100      100       4B         1

        CLASS   BANK2          

        CLASS   BANK3          

        CLASS   BANK4          

        CLASS   BANK5          

        CLASS   SFR            

        CLASS   BIGSFR         

        CLASS   CONFIG         
                config                           300000   300000        E         4

        CLASS   IDLOC          
                idloc                            200000   200000        8         5

        CLASS   EEDATA         

        CLASS   FARRAM         

        CLASS   HEAP           

        CLASS   STACK          



SEGMENTS        Name                           Load    Length   Top    Selector   Space  Class

                reset_vec                      000000  000004  000004         0       0  CODE    
                cstackCOMRAM                   000001  00005F  000060         1       1  COMRAM  
                bssBANK0                       000060  000076  0000D6        60       1  BANK0   
                dataBANK1                      000100  00004B  00014B       100       1  BANK1   
                text32                         00014C  000006  000152        A6       0  CODE    
                text42                         000152  000008  00015A        A9       0  CODE    
                text41                         00015A  000008  000162        AD       0  CODE    
                text31                         000162  000008  00016A        B1       0  CODE    
                text29                         00016A  000008  000172        B5       0  CODE    
                text11                         000172  000008  00017A        B9       0  CODE    
                text40                         00017A  00000C  000186        BD       0  CODE    
                text30                         000186  00000C  000192        C3       0  CODE    
                text43                         000192  000012  0001A4        C9       0  CODE    
                text12                         0001A4  000016  0001BA        D2       0  CODE    
                text44                         0001BA  000018  0001D2        DD       0  CODE    
                text20                         0001D2  000018  0001EA        E9       0  CODE    
                idataBANK0                     0001EA  00001A  000204       1EA       0  CODE    
                text16                         000204  00001E  000222       102       0  CODE    
                text14                         000222  00001E  000240       111       0  CODE    
                text8                          000240  00001E  00025E       120       0  CODE    
                text9                          00025E  000022  000280       12F       0  CODE    
                text23                         000280  000026  0002A6       140       0  CODE    
                text28                         0002A6  00002A  0002D0       153       0  CODE    
                text18                         0002D0  00002A  0002FA       168       0  CODE    
                text46                         0002FA  00003A  000334       17D       0  CODE    
                text39                         000334  000040  000374       19A       0  CODE    
                text10                         000374  000044  0003B8       1BA       0  CODE    
                text26                         0003B8  000048  000400       1DC       0  CODE    
                text13                         000400  000048  000448       200       0  CODE    
                idataBANK1                     000449  00004B  000494       449       0  CODE    
                text33                         000494  000054  0004E8       24A       0  CODE    
                cinit                          0004E8  000056  00053E       274       0  CODE    
                text19                         00053E  00005E  00059C       29F       0  CODE    
                text24                         00059C  000064  000600       2CE       0  CODE    
                text45                         000600  00006C  00066C       300       0  CODE    
                text25                         00066C  000074  0006E0       336       0  CODE    
                text3                          0006E0  000078  000758       370       0  CODE    
                text27                         000758  000086  0007DE       3AC       0  CODE    
                text37                         0007DE  00008E  00086C       3EF       0  CODE    
                text6                          00086C  00009E  00090A       436       0  CODE    
                text15                         00090A  0000A8  0009B2       485       0  CODE    
                text35                         0009B2  000106  000AB8       4D9       0  CODE    
                text7                          000AB8  000108  000BC0       55C       0  CODE    
                text0                          000BC0  00019C  000D5C       5E0       0  CODE    
                text34                         000D5C  0001B4  000F10       6AE       0  CODE    
                text22                         000F10  0001D8  0010E8       788       0  CODE    
                text5                          0010E8  000200  0012E8       874       0  CODE    
                text21                         0012E8  000216  0014FE       974       0  CODE    
                text17                         0014FE  00035A  001858       A7F       0  CODE    
                text36                         001858  00039A  001BF2       C2C       0  CODE    
                text4                          001BF2  0003BA  001FAC       DF9       0  CODE    
                text38                         001FAC  0003F6  0023A2       FD6       0  CODE    
                text1                          0023A2  00041E  0027C0      11D1       0  CODE    
                text2                          0027C0  0006F6  002EB6      13E0       0  CODE    
                mediumconst                    002EB6  00014A  003000      175B       0  MEDIUMCO


UNUSED ADDRESS RANGES

        Name                Unused          Largest block    Delta
        BANK0            0000D6-0000FF               2A
        BANK1            00014B-0001FF               B5
        BANK2            000200-0002FF              100
        BANK3            000300-0003FF              100
        BANK4            000400-0004FF              100
        BANK5            000500-0005FF              100
        BIGRAM           0000D6-0000FF               2A
                         00014B-0005FF              4B5
        BIGSFR           000D00-000FFF              300
        CODE             000004-00014B              148
                         000448-000448                1
                         003000-003000                1
        CONST            000004-00014B              148
                         000448-000448                1
                         003000-003000                1
        EEDATA           F00000-F000FF              100
        MEDIUMCONST      003000-003000                1
        RAM              0000D6-0000FF               2A
                         00014B-0005FF              100
        SFR              000D00-000FFF              100
        SMALLCONST       003000-003000                1

                                  Symbol Table

?___fldiv                      cstackCOMRAM 00000F
?___fltol                      cstackCOMRAM 000028
?___lwdiv                      cstackCOMRAM 000006
?___lwmod                      cstackCOMRAM 000001
?___wmul                       cstackCOMRAM 000006
?___xxtofl                     cstackCOMRAM 000001
?_read_adc                     cstackCOMRAM 000001
_ACKDT                         (abs)        007E2D
_ACKEN                         (abs)        007E2C
_ACKSTAT                       (abs)        007E2E
_ACQT0                         (abs)        007E03
_ACQT1                         (abs)        007E04
_ACQT2                         (abs)        007E05
_ADCON0                        (abs)        000FC2
_ADCS0                         (abs)        007E00
_ADCS1                         (abs)        007E01
_ADCS2                         (abs)        007E02
_ADFM                          (abs)        007E07
_ADON                          (abs)        007E10
_ADRESH                        (abs)        000FC4
_ADRESL                        (abs)        000FC3
_BCLIF                         (abs)        007D0B
_BRG16                         (abs)        007DC3
_BRGH                          (abs)        007D62
_CKE                           (abs)        007E3E
_CREN                          (abs)        007D5C
_GO                            (abs)        007E11
_L                             bssBANK0     00008D
_PCFG0                         (abs)        007E08
_PCFG1                         (abs)        007E09
_PCFG2                         (abs)        007E0A
_PCFG3                         (abs)        007E0B
_PEN                           (abs)        007E2A
_PORTD                         (abs)        000F83
_RB1                           (abs)        007C09
_RB2                           (abs)        007C0A
_RB3                           (abs)        007C0B
_RB4                           (abs)        007C0C
_RB5                           (abs)        007C0D
_RB6                           (abs)        007C0E
_RB7                           (abs)        007C0F
_RBPU                          (abs)        007F8F
_RC0                           (abs)        007C10
_RC1                           (abs)        007C11
_RC2                           (abs)        007C12
_RCEN                          (abs)        007E2B
_RCIE                          (abs)        007CED
_RCIF                          (abs)        007CF5
_RCREG                         (abs)        000FAE
_RD7                           (abs)        007C1F
_RSEN                          (abs)        007E29
_RX9                           (abs)        007D5E
_SEN                           (abs)        007E28
_SMP                           (abs)        007E3F
_SPBRG                         (abs)        000FAF
_SPEN                          (abs)        007D5F
_SSPADD                        (abs)        000FC8
_SSPBUF                        (abs)        000FC9
_SSPCON1                       (abs)        000FC6
_SSPIF                         (abs)        007CF3
_SYNC                          (abs)        007D64
_TRISB                         (abs)        000F93
_TRISC                         (abs)        000F94
_TRISC3                        (abs)        007CA3
_TRISC4                        (abs)        007CA4
_TRISC6                        (abs)        007CA6
_TRISC7                        (abs)        007CA7
_TRISD                         (abs)        000F95
_TRISD7                        (abs)        007CAF
_TX9                           (abs)        007D66
_TXEN                          (abs)        007D65
_TXIE                          (abs)        007CEC
_TXIF                          (abs)        007CF4
_TXREG                         (abs)        000FAD
_VCFG0                         (abs)        007E0C
_VCFG1                         (abs)        007E0D
__HRAM                         (abs)        000000
__H__absolute__                __absolute__ 000000
__Habs1                        abs1         000000
__Hbank0                       bank0        000000
__Hbank1                       bank1        000000
__Hbank2                       bank2        000000
__Hbank3                       bank3        000000
__Hbank4                       bank4        000000
__Hbank5                       bank5        000000
__Hbigbss                      bigbss       000000
__Hbigdata                     bigdata      000000
__Hbigram                      bigram       000000
__Hbigsfr                      bigsfr       000000
__Hbss                         bss          000000
__HbssBANK0                    bssBANK0     000000
__Hcinit                       cinit        000000
__Hclrtext                     clrtext      000000
__Hcomram                      comram       000000
__Hconfig                      config       30000E
__Hconst                       const        000000
__HcstackCOMRAM                cstackCOMRAM 000000
__Hdata                        data         000000
__HdataBANK0                   dataBANK0    000000
__HdataBANK1                   dataBANK1    000000
__Heeprom_data                 eeprom_data  000000
__Hfarbss                      farbss       000000
__Hfardata                     fardata      000000
__Hheap                        heap         000000
__Hibigdata                    ibigdata     000000
__Hidata                       idata        000000
__HidataBANK0                  idataBANK0   000000
__HidataBANK1                  idataBANK1   000000
__Hidloc                       idloc        200008
__Hifardata                    ifardata     000000
__Hinit                        init         000004
__Hintcode                     intcode      000000
__Hintcode_body                intcode_body 000000
__Hintcodelo                   intcodelo    000000
__Hintentry                    intentry     000000
__Hintret                      intret       000000
__Hintsave_regs                intsave_regs 000000
__Hirdata                      irdata       000000
__Hmediumconst                 mediumconst  003000
__HnvFARRAM                    nvFARRAM     000000
__Hnvbit                       nvbit        000000
__Hnvrram                      nvrram       000000
__Hparam                       rparam       000000
__Hpowerup                     powerup      000000
__Hram                         ram          000000
__Hramtop                      ramtop       000600
__Hrbit                        rbit         000000
__Hrbss                        rbss         000000
__Hrdata                       rdata        000000
__Hreset_vec                   reset_vec    000000
__Hrparam                      rparam       000000
__Hsfr                         sfr          000000
__Hsmallconst                  smallconst   000000
__Hspace_0                     (abs)        003000
__Hspace_1                     (abs)        00014B
__Hspace_2                     (abs)        000000
__Hspace_4                     (abs)        60000E
__Hstack                       stack        000000
__Hstruct                      struct       000000
__Htemp                        temp         000000
__Htext                        text         000000
__Htext0                       text0        000000
__Htext1                       text1        000000
__Htext10                      text10       000000
__Htext11                      text11       000000
__Htext12                      text12       000000
__Htext13                      text13       000000
__Htext14                      text14       000000
__Htext15                      text15       000000
__Htext16                      text16       000000
__Htext17                      text17       000000
__Htext18                      text18       000000
__Htext19                      text19       000000
__Htext2                       text2        000000
__Htext20                      text20       000000
__Htext21                      text21       000000
__Htext22                      text22       000000
__Htext23                      text23       000000
__Htext24                      text24       000000
__Htext25                      text25       000000
__Htext26                      text26       000000
__Htext27                      text27       000000
__Htext28                      text28       000000
__Htext29                      text29       000000
__Htext3                       text3        000000
__Htext30                      text30       000000
__Htext31                      text31       000000
__Htext32                      text32       000000
__Htext33                      text33       000000
__Htext34                      text34       000000
__Htext35                      text35       000000
__Htext36                      text36       000000
__Htext37                      text37       000000
__Htext38                      text38       000000
__Htext39                      text39       000000
__Htext4                       text4        000000
__Htext40                      text40       000000
__Htext41                      text41       000000
__Htext42                      text42       000000
__Htext43                      text43       000000
__Htext44                      text44       000000
__Htext45                      text45       000000
__Htext46                      text46       000000
__Htext5                       text5        000000
__Htext6                       text6        000000
__Htext7                       text7        000000
__Htext8                       text8        000000
__Htext9                       text9        000000
__LRAM                         (abs)        000001
__L__absolute__                __absolute__ 000000
__Labs1                        abs1         000000
__Lbank0                       bank0        000000
__Lbank1                       bank1        000000
__Lbank2                       bank2        000000
__Lbank3                       bank3        000000
__Lbank4                       bank4        000000
__Lbank5                       bank5        000000
__Lbigbss                      bigbss       000000
__Lbigdata                     bigdata      000000
__Lbigram                      bigram       000000
__Lbigsfr                      bigsfr       000000
__Lbss                         bss          000000
__LbssBANK0                    bssBANK0     000000
__Lcinit                       cinit        000000
__Lclrtext                     clrtext      000000
__Lcomram                      comram       000000
__Lconfig                      config       000000
__Lconst                       const        000000
__LcstackCOMRAM                cstackCOMRAM 000000
__Ldata                        data         000000
__LdataBANK0                   dataBANK0    000000
__LdataBANK1                   dataBANK1    000000
__Leeprom_data                 eeprom_data  000000
__Lfarbss                      farbss       000000
__Lfardata                     fardata      000000
__Lheap                        heap         000000
__Libigdata                    ibigdata     000000
__Lidata                       idata        000000
__LidataBANK0                  idataBANK0   000000
__LidataBANK1                  idataBANK1   000000
__Lidloc                       idloc        000000
__Lifardata                    ifardata     000000
__Linit                        init         000000
__Lintcode                     intcode      000000
__Lintcode_body                intcode_body 000000
__Lintcodelo                   intcodelo    000000
__Lintentry                    intentry     000000
__Lintret                      intret       000000
__Lintsave_regs                intsave_regs 000000
__Lirdata                      irdata       000000
__Lmediumconst                 mediumconst  002EB6
__LnvFARRAM                    nvFARRAM     000000
__Lnvbit                       nvbit        000000
__Lnvrram                      nvrram       000000
__Lparam                       rparam       000000
__Lpowerup                     powerup      000000
__Lram                         ram          000000
__Lramtop                      ramtop       000600
__Lrbit                        rbit         000000
__Lrbss                        rbss         000000
__Lrdata                       rdata        000000
__Lreset_vec                   reset_vec    000000
__Lrparam                      rparam       000000
__Lsfr                         sfr          000000
__Lsmallconst                  smallconst   000000
__Lspace_0                     (abs)        000000
__Lspace_1                     (abs)        000000
__Lspace_2                     (abs)        000000
__Lspace_4                     (abs)        000000
__Lstack                       stack        000000
__Lstruct                      struct       000000
__Ltemp                        temp         000000
__Ltext                        text         000000
__Ltext0                       text0        000000
__Ltext1                       text1        000000
__Ltext10                      text10       000000
__Ltext11                      text11       000000
__Ltext12                      text12       000000
__Ltext13                      text13       000000
__Ltext14                      text14       000000
__Ltext15                      text15       000000
__Ltext16                      text16       000000
__Ltext17                      text17       000000
__Ltext18                      text18       000000
__Ltext19                      text19       000000
__Ltext2                       text2        000000
__Ltext20                      text20       000000
__Ltext21                      text21       000000
__Ltext22                      text22       000000
__Ltext23                      text23       000000
__Ltext24                      text24       000000
__Ltext25                      text25       000000
__Ltext26                      text26       000000
__Ltext27                      text27       000000
__Ltext28                      text28       000000
__Ltext29                      text29       000000
__Ltext3                       text3        000000
__Ltext30                      text30       000000
__Ltext31                      text31       000000
__Ltext32                      text32       000000
__Ltext33                      text33       000000
__Ltext34                      text34       000000
__Ltext35                      text35       000000
__Ltext36                      text36       000000
__Ltext37                      text37       000000
__Ltext38                      text38       000000
__Ltext39                      text39       000000
__Ltext4                       text4        000000
__Ltext40                      text40       000000
__Ltext41                      text41       000000
__Ltext42                      text42       000000
__Ltext43                      text43       000000
__Ltext44                      text44       000000
__Ltext45                      text45       000000
__Ltext46                      text46       000000
__Ltext5                       text5        000000
__Ltext6                       text6        000000
__Ltext7                       text7        000000
__Ltext8                       text8        000000
__Ltext9                       text9        000000
__S0                           (abs)        003000
__S1                           (abs)        00014B
__S4                           (abs)        000000
__S5                           (abs)        000000
___fldiv                       text36       001858
___fldiv@a                     cstackCOMRAM 000013
___fldiv@aexp                  cstackCOMRAM 000027
___fldiv@b                     cstackCOMRAM 00000F
___fldiv@bexp                  cstackCOMRAM 000026
___fldiv@grs                   cstackCOMRAM 000022
___fldiv@new_exp               cstackCOMRAM 000020
___fldiv@rem                   cstackCOMRAM 00001B
___fldiv@sign                  cstackCOMRAM 00001F
___fltol                       text35       0009B2
___fltol@exp1                  cstackCOMRAM 000031
___fltol@f1                    cstackCOMRAM 000028
___fltol@sign1                 cstackCOMRAM 000030
___heap_hi                     (abs)        000000
___heap_lo                     (abs)        000000
___inthi_sp                    stack        000000
___intlo_sp                    stack        000000
___lwdiv                       text25       00066C
___lwdiv@counter               cstackCOMRAM 00000C
___lwdiv@dividend              cstackCOMRAM 000006
___lwdiv@divisor               cstackCOMRAM 000008
___lwdiv@quotient              cstackCOMRAM 00000A
___lwmod                       text24       00059C
___lwmod@counter               cstackCOMRAM 000005
___lwmod@dividend              cstackCOMRAM 000001
___lwmod@divisor               cstackCOMRAM 000003
___param_bank                  (abs)        000000
___rparam_used                 (abs)        000001
___sp                          stack        000000
___wmul                        text23       000280
___wmul@multiplicand           cstackCOMRAM 000008
___wmul@multiplier             cstackCOMRAM 000006
___wmul@product                cstackCOMRAM 00000A
___xxtofl                      text34       000D5C
___xxtofl@arg                  cstackCOMRAM 00000B
___xxtofl@exp                  cstackCOMRAM 00000A
___xxtofl@sign                 cstackCOMRAM 000009
___xxtofl@val                  cstackCOMRAM 000001
__accesstop                    (abs)        000060
__activetblptr                 (abs)        000002
__end_of___fldiv               text36       001BF2
__end_of___fltol               text35       000AB8
__end_of___lwdiv               text25       0006E0
__end_of___lwmod               text24       000600
__end_of___wmul                text23       0002A6
__end_of___xxtofl              text34       000F10
__end_of__initialization       cinit        000534
__end_of_change_pass           text38       0023A2
__end_of_clcd_print            text45       00066C
__end_of_clcd_putch            text44       0001D2
__end_of_clcd_write            text46       000334
__end_of_clear_log             text37       00086C
__end_of_dashboard             text21       0014FE
__end_of_display_time          text33       0004E8
__end_of_download_log          text17       001858
__end_of_get_time              text27       0007DE
__end_of_i2c_idle              text43       0001A4
__end_of_i2c_no_ack            text32       000152
__end_of_i2c_read              text30       000192
__end_of_i2c_rep_start         text29       000172
__end_of_i2c_rx_mode           text31       00016A
__end_of_i2c_start             text42       00015A
__end_of_i2c_stop              text41       000162
__end_of_i2c_write             text40       000186
__end_of_init_adc              text16       000222
__end_of_init_clcd             text15       0009B2
__end_of_init_config           text8        00025E
__end_of_init_ds1307           text13       000448
__end_of_init_i2c              text12       0001BA
__end_of_init_matrix_keypad    text11       00017A
__end_of_init_password         text10       0003B8
__end_of_init_uart             text9        000280
__end_of_long_short_press      text6        00090A
__end_of_main                  text0        000D5C
__end_of_menu                  text5        0012E8
__end_of_password              text4        001FAC
__end_of_putch                 text20       0001EA
__end_of_puts                  text19       00059C
__end_of_read_adc              text26       000400
__end_of_read_ds1307           text28       0002D0
__end_of_read_external_eeprom  text18       0002FA
__end_of_read_switches         text3        000758
__end_of_scan_key              text7        000BC0
__end_of_set_time              text2        002EB6
__end_of_store_event           text22       0010E8
__end_of_view_log              text1        0027C0
__end_of_write_ds1307          text14       000240
__end_of_write_external_eeprom text39       000374
__initialization               cinit        0004E8
__mediumconst                  mediumconst  002EB6
__pbssBANK0                    bssBANK0     000060
__pcinit                       cinit        0004E8
__pcstackCOMRAM                cstackCOMRAM 000001
__pdataBANK0                   dataBANK0    0000BC
__pdataBANK1                   dataBANK1    000100
__pidataBANK0                  idataBANK0   0001EA
__pidataBANK1                  idataBANK1   000449
__pmediumconst                 mediumconst  002EB6
__ptext0                       text0        000BC0
__ptext1                       text1        0023A2
__ptext10                      text10       000374
__ptext11                      text11       000172
__ptext12                      text12       0001A4
__ptext13                      text13       000400
__ptext14                      text14       000222
__ptext15                      text15       00090A
__ptext16                      text16       000204
__ptext17                      text17       0014FE
__ptext18                      text18       0002D0
__ptext19                      text19       00053E
__ptext2                       text2        0027C0
__ptext20                      text20       0001D2
__ptext21                      text21       0012E8
__ptext22                      text22       000F10
__ptext23                      text23       000280
__ptext24                      text24       00059C
__ptext25                      text25       00066C
__ptext26                      text26       0003B8
__ptext27                      text27       000758
__ptext28                      text28       0002A6
__ptext29                      text29       00016A
__ptext3                       text3        0006E0
__ptext30                      text30       000186
__ptext31                      text31       000162
__ptext32                      text32       00014C
__ptext33                      text33       000494
__ptext34                      text34       000D5C
__ptext35                      text35       0009B2
__ptext36                      text36       001858
__ptext37                      text37       0007DE
__ptext38                      text38       001FAC
__ptext39                      text39       000334
__ptext4                       text4        001BF2
__ptext40                      text40       00017A
__ptext41                      text41       00015A
__ptext42                      text42       000152
__ptext43                      text43       000192
__ptext44                      text44       0001BA
__ptext45                      text45       000600
__ptext46                      text46       0002FA
__ptext5                       text5        0010E8
__ptext6                       text6        00086C
__ptext7                       text7        000AB8
__ptext8                       text8        000240
__ptext9                       text9        00025E
__ramtop                       ramtop       000600
__smallconst                   smallconst   000000
_attempts                      dataBANK0    0000D3
_blink                         bssBANK0     00007F
_change_pass                   text38       001FAC
_clcd_print                    text45       000600
_clcd_putch                    text44       0001BA
_clcd_write                    text46       0002FA
_clear_dis                     bssBANK0     000095
_clear_log                     text37       0007DE
_clock_reg                     bssBANK0     00006A
_dashboard                     text21       0012E8
_display_time                  text33       000494
_download_log                  text17       0014FE
_download_log$1547             cstackCOMRAM 000011
_event_index                   bssBANK0     00009B
_events                        dataBANK0    0000BC
_field                         bssBANK0     000081
_get_time                      text27       000758
_hr                            bssBANK0     000079
_i2c_idle                      text43       000192
_i2c_no_ack                    text32       00014C
_i2c_read                      text30       000186
_i2c_rep_start                 text29       00016A
_i2c_rx_mode                   text31       000162
_i2c_start                     text42       000152
_i2c_stop                      text41       00015A
_i2c_write                     text40       00017A
_in_flag                       bssBANK0     000083
_init_adc                      text16       000204
_init_clcd                     text15       00090A
_init_config                   text8        000240
_init_ds1307                   text13       000400
_init_i2c                      text12       0001A4
_init_matrix_keypad            text11       000172
_init_password                 text10       000374
_init_uart                     text9        00025E
_log_count                     bssBANK0     000087
_log_index                     bssBANK0     000089
_login_flag                    bssBANK0     00008F
_long_short_press              text6        00086C
_m_password                    dataBANK0    0000CE
_main                          text0        000BC0
_main_f                        bssBANK0     0000A1
_menu                          text5        0010E8
_menu_f                        bssBANK0     00009F
_min                           bssBANK0     00007D
_p_flag                        bssBANK0     000085
_pass_index                    bssBANK0     000093
_password                      text4        001BF2
_putch                         text20       0001D2
_puts                          text19       00053E
_read_adc                      text26       0003B8
_read_ds1307                   text28       0002A6
_read_external_eeprom          text18       0002D0
_read_switches                 text3        0006E0
_scan_key                      text7        000AB8
_sec                           bssBANK0     00009D
_secs                          bssBANK0     00007B
_sel                           bssBANK0     00008B
_set_time                      text2        0027C0
_speed                         bssBANK0     000099
_store_event                   text22       000F10
_success                       bssBANK0     000091
_time                          bssBANK0     0000B3
_timeout                       bssBANK0     000097
_view_event                    bssBANK0     0000A4
_view_index                    bssBANK0     000077
_view_log                      text1        0023A2
_view_log$1546                 cstackCOMRAM 000013
_write_ds1307                  text14       000222
_write_external_eeprom         text39       000334
change_pass@c_password         bssBANK0     000060
change_pass@j                  cstackCOMRAM 000014
change_pass@j_144              cstackCOMRAM 000016
change_pass@key                cstackCOMRAM 000013
change_pass@n_password         bssBANK0     000065
change_pass@success_flag       bssBANK0     000075
clcd_print@addr                cstackCOMRAM 00000E
clcd_print@data                cstackCOMRAM 00000C
clcd_putch@addr                cstackCOMRAM 00000D
clcd_putch@data                cstackCOMRAM 00000E
clcd_write@byte                cstackCOMRAM 000002
clcd_write@control_bit         cstackCOMRAM 000001
dashboard@adc_val              cstackCOMRAM 000032
dashboard@c_flag               bssBANK0     000073
dashboard@key                  cstackCOMRAM 000034
download_log@i                 cstackCOMRAM 000015
download_log@j                 cstackCOMRAM 000013
end_of_initialization          cinit        000534
i2c_write@data                 cstackCOMRAM 000001
init_ds1307@dummy              cstackCOMRAM 000004
intlevel0                      text         000000
intlevel1                      text         000000
intlevel2                      text         000000
intlevel3                      text         000000
isa$std                        (abs)        000001
isa$xinst                      (abs)        000000
long_short_press@key           cstackCOMRAM 000005
long_short_press@l             cstackCOMRAM 000006
long_short_press@t             cstackCOMRAM 000001
main@key                       cstackCOMRAM 00005F
main@t                         cstackCOMRAM 00005E
main@wait                      cstackCOMRAM 00005C
menu@F10538                    dataBANK1    000100
menu@key                       cstackCOMRAM 00005B
menu@menu                      cstackCOMRAM 000010
menu@t                         cstackCOMRAM 00000F
password@e_password            cstackCOMRAM 000011
password@j                     cstackCOMRAM 000017
password@key                   cstackCOMRAM 000016
password@pa_flag               bssBANK0     000071
putch@data                     cstackCOMRAM 000001
puts@data                      cstackCOMRAM 000002
read_adc@channel               cstackCOMRAM 000008
read_ds1307@address            cstackCOMRAM 000002
read_ds1307@data               cstackCOMRAM 000003
read_external_eeprom@address   cstackCOMRAM 000002
read_external_eeprom@data      cstackCOMRAM 000003
read_switches@detection        cstackCOMRAM 000001
read_switches@key              bssBANK0     0000A3
read_switches@once             dataBANK0    0000D5
set_time@hr_reg                cstackCOMRAM 000016
set_time@key                   cstackCOMRAM 000019
set_time@min_reg               cstackCOMRAM 000017
set_time@sec_reg               cstackCOMRAM 000018
set_time@t                     cstackCOMRAM 000013
set_time@tc_flag               bssBANK0     00006F
stackhi                        (abs)        000000
stacklo                        (abs)        000000
start                          init         000000
start_initialization           cinit        0004E8
store_event@i                  cstackCOMRAM 000011
view_log@i                     cstackCOMRAM 000015
view_log@key                   cstackCOMRAM 000012
view_log@t                     cstackCOMRAM 00000F
view_log@vl_flag               bssBANK0     00006D
write_ds1307@address           cstackCOMRAM 000003
write_ds1307@data              cstackCOMRAM 000002
write_external_eeprom@address  cstackCOMRAM 000010
write_external_eeprom@data     cstackCOMRAM 00000D
write_external_eeprom@i        cstackCOMRAM 00000E


MODULE INFORMATION

Module		Function		Class		Link	Load	Size
password.c
		_password      		CODE           	1BF2	0000	954

password.c estimated size: 954

time.c
		_display_time  		CODE           	0494	0000	84
		_get_time      		CODE           	0758	0000	134

time.c estimated size: 218

matrix_keypad.c
		_init_matrix_keypad		CODE           	0172	0000	8
		_read_switches 		CODE           	06E0	0000	120
		_scan_key      		CODE           	0AB8	0000	264

matrix_keypad.c estimated size: 392

C:\Program Files\Microchip\xc8\v2.41\pic\sources\c99\common\fltol.c
		___fltol       		CODE           	09B2	0000	262

C:\Program Files\Microchip\xc8\v2.41\pic\sources\c99\common\fltol.c estimated size: 262

uart.c
		_putch         		CODE           	01D2	0000	24
		_init_uart     		CODE           	025E	0000	34
		_puts          		CODE           	053E	0000	94

uart.c estimated size: 152

C:\Program Files\Microchip\xc8\v2.41\pic\sources\c99\common\xxtofl.c
		___xxtofl      		CODE           	0D5C	0000	436

C:\Program Files\Microchip\xc8\v2.41\pic\sources\c99\common\xxtofl.c estimated size: 436

store_event.c
		_store_event   		CODE           	0F10	0000	472

store_event.c estimated size: 472

i2c.c
		_i2c_start     		CODE           	0152	0000	8
		_i2c_no_ack    		CODE           	014C	0000	6
		_i2c_rep_start 		CODE           	016A	0000	8
		_i2c_idle      		CODE           	0192	0000	18
		_i2c_write     		CODE           	017A	0000	12
		_i2c_stop      		CODE           	015A	0000	8
		_i2c_read      		CODE           	0186	0000	12
		_init_i2c      		CODE           	01A4	0000	22
		_i2c_rx_mode   		CODE           	0162	0000	8

i2c.c estimated size: 102

C:\Program Files\Microchip\xc8\v2.41\pic\sources\c99\common\lwdiv.c
		___lwdiv       		CODE           	066C	0000	116

C:\Program Files\Microchip\xc8\v2.41\pic\sources\c99\common\lwdiv.c estimated size: 116

dashboard.c
		_dashboard     		CODE           	12E8	0000	534

dashboard.c estimated size: 534

ds1307.c
		_read_ds1307   		CODE           	02A6	0000	42
		_write_ds1307  		CODE           	0222	0000	30
		_init_ds1307   		CODE           	0400	0000	72

ds1307.c estimated size: 144

adc.c
		_init_adc      		CODE           	0204	0000	30
		_read_adc      		CODE           	03B8	0000	72

adc.c estimated size: 102

change_password.c
		_init_password 		CODE           	0374	0000	68
		_change_pass   		CODE           	1FAC	0000	1014

change_password.c estimated size: 1082

shared
		__initialization		CODE           	04E8	0000	76

shared estimated size: 76

key_press.c
		_long_short_press		CODE           	086C	0000	158

key_press.c estimated size: 158

clcd.c
		_clcd_write    		CODE           	02FA	0000	58
		_clcd_print    		CODE           	0600	0000	108
		_clcd_putch    		CODE           	01BA	0000	24
		_init_clcd     		CODE           	090A	0000	168

clcd.c estimated size: 358

menu.c
		_menu          		CODE           	10E8	0000	512

menu.c estimated size: 512

C:\Program Files\Microchip\xc8\v2.41\pic\sources\c99\common\Umul16.c
		___wmul        		CODE           	0280	0000	38

C:\Program Files\Microchip\xc8\v2.41\pic\sources\c99\common\Umul16.c estimated size: 38

set_time.c
		_set_time      		CODE           	27C0	0000	1782

set_time.c estimated size: 1782

ext_eeprom.c
		_write_external_eeprom		CODE           	0334	0000	64
		_read_external_eeprom		CODE           	02D0	0000	42

ext_eeprom.c estimated size: 106

main.c
		_main          		CODE           	0BC0	0000	412
		_init_config   		CODE           	0240	0000	30

main.c estimated size: 442

view_log.c
		_view_log      		CODE           	23A2	0000	1054
		_download_log  		CODE           	14FE	0000	858
		_clear_log     		CODE           	07DE	0000	142

view_log.c estimated size: 2054

C:\Program Files\Microchip\xc8\v2.41\pic\sources\c99\common\sprcdiv.c
		___fldiv       		CODE           	1858	0000	922

C:\Program Files\Microchip\xc8\v2.41\pic\sources\c99\common\sprcdiv.c estimated size: 922

C:\Program Files\Microchip\xc8\v2.41\pic\sources\c99\common\lwmod.c
		___lwmod       		CODE           	059C	0000	100

C:\Program Files\Microchip\xc8\v2.41\pic\sources\c99\common\lwmod.c estimated size: 100

